2026-08-17 18:50:42.798 [info] [main] Log level: Info
2026-08-17 18:50:42.798 [info] [main] Validating found git in: "git"
2026-08-17 18:50:42.798 [info] [main] Using git "2.34.1" from "git"
2026-08-17 18:50:42.798 [info] [Model][doInitialScan] Initial repository scan started
2026-08-17 18:50:42.798 [info] > git rev-parse --show-toplevel [2ms]
2026-08-17 18:50:42.798 [info] > git rev-parse --git-dir --git-common-dir [3ms]
2026-08-17 18:50:42.798 [info] [Model][openRepository] Opened repository (path): /root/capsule
2026-08-17 18:50:42.798 [info] [Model][openRepository] Opened repository (real path): /root/capsule
2026-08-17 18:50:42.798 [info] > git rev-parse --show-toplevel [3ms]
2026-08-17 18:50:42.798 [info] > git config --get commit.template [5ms]
2026-08-17 18:50:42.798 [info] > git rev-parse --show-toplevel [16ms]
2026-08-17 18:50:42.798 [info] > git for-each-ref --format=%(refname)%00%(upstream:short)%00%(objectname)%00%(upstream:track)%00%(upstream:remotename)%00%(upstream:remoteref) refs/heads/main refs/remotes/main [17ms]
2026-08-17 18:50:42.798 [info] > git rev-parse --show-toplevel [5ms]
2026-08-17 18:50:42.798 [info] > git rev-parse --show-toplevel [6ms]
2026-08-17 18:50:42.798 [info] > git for-each-ref --sort -committerdate --format %(refname)%00%(objectname)%00%(*objectname) [3ms]
2026-08-17 18:50:42.798 [info] > git rev-parse --show-toplevel [3ms]
2026-08-17 18:50:42.798 [info] > git rev-parse --show-toplevel [66ms]
2026-08-17 18:50:42.799 [info] > git rev-parse --show-toplevel [5ms]
2026-08-17 18:50:42.799 [info] > git status -z -uall [88ms]
2026-08-17 18:50:42.830 [info] > git for-each-ref --format=%(refname)%00%(upstream:short)%00%(objectname)%00%(upstream:track)%00%(upstream:remotename)%00%(upstream:remoteref) refs/heads/main refs/remotes/main [14ms]
2026-08-17 18:50:42.882 [info] > git rev-parse --show-toplevel [84ms]
2026-08-17 18:50:42.885 [info] [Model][doInitialScan] Initial repository scan completed - repositories (1), closed repositories (0), parent repositories (0), unsafe repositories (0)
2026-08-17 18:50:42.887 [info] > git config --get --local branch.main.vscode-merge-base [4ms]
2026-08-17 18:50:42.887 [warning] [Git][config] git config failed: Failed to execute git
2026-08-17 18:50:42.890 [info] > git config --get commit.template [70ms]
2026-08-17 18:50:42.894 [info] > git reflog main --grep-reflog=branch: Created from *. [4ms]
2026-08-17 18:50:42.897 [info] > git for-each-ref --format=%(refname)%00%(upstream:short)%00%(objectname)%00%(upstream:track)%00%(upstream:remotename)%00%(upstream:remoteref) refs/heads/main refs/remotes/main [4ms]
2026-08-17 18:50:44.548 [info] > git check-ignore -v -z --stdin [2ms]
2026-08-17 18:50:44.549 [info] > git for-each-ref --format=%(refname)%00%(upstream:short)%00%(objectname)%00%(upstream:track)%00%(upstream:remotename)%00%(upstream:remoteref) refs/heads/248e2fda1c67f6f5988ca54e2ddc05a4da6377ce refs/remotes/248e2fda1c67f6f5988ca54e2ddc05a4da6377ce [1653ms]
2026-08-17 18:50:44.549 [warning] [Git][getBranch] No such branch: 248e2fda1c67f6f5988ca54e2ddc05a4da6377ce
2026-08-17 18:50:44.588 [info] > git symbolic-ref --short refs/remotes/origin/HEAD [35ms]
2026-08-17 18:50:44.593 [info] > git for-each-ref --sort -committerdate --format %(refname)%00%(objectname)%00%(*objectname) [6ms]
2026-08-17 18:50:44.594 [info] > git for-each-ref --format=%(refname)%00%(upstream:short)%00%(objectname)%00%(upstream:track)%00%(upstream:remotename)%00%(upstream:remoteref) refs/heads/origin/main refs/remotes/origin/main [2ms]
2026-08-17 18:50:44.599 [info] > git config --add --local branch.main.vscode-merge-base origin/main [2ms]
2026-08-17 18:50:44.682 [info] > git status -z -uall [100ms] (cancelled)
2026-08-17 18:50:44.684 [info] > git config --get commit.template [2ms]
2026-08-17 18:50:44.684 [info] > git for-each-ref --format=%(refname)%00%(upstream:short)%00%(objectname)%00%(upstream:track)%00%(upstream:remotename)%00%(upstream:remoteref) refs/heads/main refs/remotes/main [80ms]
2026-08-17 18:50:44.692 [info] > git config --get --local branch.main.vscode-merge-base [5ms]
2026-08-17 18:50:44.696 [info] > git for-each-ref --format=%(refname)%00%(upstream:short)%00%(objectname)%00%(upstream:track)%00%(upstream:remotename)%00%(upstream:remoteref) refs/heads/main refs/remotes/main [5ms]
2026-08-17 18:50:44.696 [info] > git for-each-ref --format=%(refname)%00%(upstream:short)%00%(objectname)%00%(upstream:track)%00%(upstream:remotename)%00%(upstream:remoteref) refs/heads/origin/main refs/remotes/origin/main [1ms]
2026-08-17 18:50:44.709 [info] > git merge-base refs/heads/main refs/remotes/origin/main [9ms]
2026-08-17 18:50:44.713 [info] > git for-each-ref --sort -committerdate --format %(refname)%00%(objectname)%00%(*objectname) [5ms]
2026-08-17 18:50:44.788 [info] > git status -z -uall [84ms]
2026-08-17 18:50:44.797 [info] > git diff --name-status -z --diff-filter=ADMR 70f65b1e9bcaf59efd8b63ca8bf8dbbf40ad84da...refs/remotes/origin/main [85ms]
2026-08-17 18:50:44.799 [info] > git merge-base refs/heads/main refs/remotes/origin/main [2ms]
2026-08-17 18:50:44.803 [info] > git merge-base refs/heads/main refs/remotes/origin/main [10ms]
2026-08-17 18:50:44.808 [info] > git diff --name-status -z --diff-filter=ADMR 70f65b1e9bcaf59efd8b63ca8bf8dbbf40ad84da...refs/remotes/origin/main [4ms]
2026-08-17 18:50:44.882 [info] > git diff --name-status -z --diff-filter=ADMR 70f65b1e9bcaf59efd8b63ca8bf8dbbf40ad84da...refs/remotes/origin/main [75ms]
2026-08-17 18:50:45.183 [info] > git check-ignore -v -z --stdin [88ms]
2026-08-17 18:50:46.416 [info] > git log --format=%H%n%aN%n%aE%n%at%n%ct%n%P%n%D%n%B -z --shortstat --diff-merges=first-parent -n50 --skip=0 --topo-order --decorate=full --stdin [101ms]
2026-08-17 18:50:51.711 [info] > git log --oneline --cherry main...main@{upstream} -- [2ms]
2026-08-17 18:50:52.099 [info] > git pull --tags origin main [384ms]
2026-08-17 18:50:52.099 [info] From https://github.com/AllenNeuralDynamics/aind-hcr-pairwise-unmixing-calibrated
 * branch            main       -> FETCH_HEAD
hint: You have divergent branches and need to specify how to reconcile them.
hint: You can do so by running one of the following commands sometime before
hint: your next pull:
hint: 
hint:   git config pull.rebase false  # merge (the default strategy)
hint:   git config pull.rebase true   # rebase
hint:   git config pull.ff only       # fast-forward only
hint: 
hint: You can replace "git config" with "git config --global" to set a default
hint: preference for all repositories. You can also pass --rebase, --no-rebase,
hint: or --ff-only on the command line to override the configured default per
hint: invocation.
fatal: Need to specify how to reconcile divergent branches.
2026-08-17 18:50:52.110 [info] > git config --get commit.template [5ms]
2026-08-17 18:50:52.111 [info] > git for-each-ref --format=%(refname)%00%(upstream:short)%00%(objectname)%00%(upstream:track)%00%(upstream:remotename)%00%(upstream:remoteref) refs/heads/main refs/remotes/main [1ms]
2026-08-17 18:50:52.121 [info] > git for-each-ref --sort -committerdate --format %(refname)%00%(objectname)%00%(*objectname) [1ms]
2026-08-17 18:50:52.150 [info] > git status -z -uall [35ms]
2026-08-17 18:50:55.080 [info] > git diff-tree -r --name-status -z --diff-filter=ADMR --find-renames=50% 70f65b1e9bcaf59efd8b63ca8bf8dbbf40ad84da 942870b264f890862881faae62eace93a5e900ae [1ms]
2026-08-17 18:50:55.178 [info] > git show --textconv 70f65b1e9bcaf59efd8b63ca8bf8dbbf40ad84da:.codeocean/datasets.json [58ms]
2026-08-17 18:50:55.178 [info] > git show --textconv 942870b264f890862881faae62eace93a5e900ae:.codeocean/datasets.json [55ms]
2026-08-17 18:50:55.178 [info] > git show --textconv 942870b264f890862881faae62eace93a5e900ae:.codeocean/environment.json [52ms]
2026-08-17 18:50:55.178 [info] > git show --textconv 942870b264f890862881faae62eace93a5e900ae:.codeocean/resources.json [49ms]
2026-08-17 18:50:55.178 [info] > git show --textconv 70f65b1e9bcaf59efd8b63ca8bf8dbbf40ad84da:.gitignore [45ms]
2026-08-17 18:50:55.178 [info] > git show --textconv 942870b264f890862881faae62eace93a5e900ae:.gitignore [42ms]
2026-08-17 18:50:55.178 [info] > git show --textconv 70f65b1e9bcaf59efd8b63ca8bf8dbbf40ad84da:capsule_patch/run_capsule.py [39ms]
2026-08-17 18:50:55.178 [info] > git show --textconv 942870b264f890862881faae62eace93a5e900ae:code/run_capsule.py [35ms]
2026-08-17 18:50:55.178 [info] > git show --textconv 942870b264f890862881faae62eace93a5e900ae:environment/Dockerfile [32ms]
2026-08-17 18:50:55.178 [info] > git ls-tree -l 942870b264f890862881faae62eace93a5e900ae -- code/run_capsule.py [6ms]
2026-08-17 18:50:55.182 [info] > git ls-tree -l 70f65b1e9bcaf59efd8b63ca8bf8dbbf40ad84da -- capsule_patch/run_capsule.py [13ms]
2026-08-17 18:50:55.183 [info] > git ls-tree -l 942870b264f890862881faae62eace93a5e900ae -- .gitignore [17ms]
2026-08-17 18:50:55.183 [info] > git ls-tree -l 70f65b1e9bcaf59efd8b63ca8bf8dbbf40ad84da -- .gitignore [21ms]
2026-08-17 18:50:55.183 [info] > git ls-tree -l 942870b264f890862881faae62eace93a5e900ae -- .codeocean/resources.json [24ms]
2026-08-17 18:50:55.183 [info] > git ls-tree -l 942870b264f890862881faae62eace93a5e900ae -- .codeocean/environment.json [27ms]
2026-08-17 18:50:55.184 [info] > git ls-tree -l 942870b264f890862881faae62eace93a5e900ae -- .codeocean/datasets.json [31ms]
2026-08-17 18:50:55.184 [info] > git ls-tree -l 70f65b1e9bcaf59efd8b63ca8bf8dbbf40ad84da -- .codeocean/datasets.json [35ms]
2026-08-17 18:50:55.186 [info] > git ls-tree -l 942870b264f890862881faae62eace93a5e900ae -- environment/Dockerfile [10ms]
2026-08-17 18:50:55.889 [info] > git check-ignore -v -z --stdin [84ms]
2026-08-17 18:50:57.114 [info] > git diff-tree -r --name-status -z --diff-filter=ADMR --find-renames=50% 0bab519e958537b4877cb46858d25270707ca667 c9119761ef2cd5a174da85dbba0162ed3cc9ec71 [1ms]
2026-08-17 18:50:57.292 [info] > git show --textconv 0bab519e958537b4877cb46858d25270707ca667:.gitignore [153ms]
2026-08-17 18:50:57.292 [info] > git show --textconv c9119761ef2cd5a174da85dbba0162ed3cc9ec71:.gitignore [149ms]
2026-08-17 18:50:57.292 [info] > git show --textconv 0bab519e958537b4877cb46858d25270707ca667:README.md [146ms]
2026-08-17 18:50:57.292 [info] > git show --textconv c9119761ef2cd5a174da85dbba0162ed3cc9ec71:README.md [110ms]
2026-08-17 18:50:57.292 [info] > git show --textconv c9119761ef2cd5a174da85dbba0162ed3cc9ec71:code/run [107ms]
2026-08-17 18:50:57.292 [info] > git show --textconv 0bab519e958537b4877cb46858d25270707ca667:capsule_patch/run_capsule.py [103ms]
2026-08-17 18:50:57.292 [info] > git show --textconv c9119761ef2cd5a174da85dbba0162ed3cc9ec71:code/run_capsule.py [100ms]
2026-08-17 18:50:57.292 [info] > git show --textconv c9119761ef2cd5a174da85dbba0162ed3cc9ec71:environment/Dockerfile [96ms]
2026-08-17 18:50:57.292 [info] > git ls-tree -l c9119761ef2cd5a174da85dbba0162ed3cc9ec71 -- code/run_capsule.py [6ms]
2026-08-17 18:50:57.293 [info] > git ls-tree -l 0bab519e958537b4877cb46858d25270707ca667 -- capsule_patch/run_capsule.py [11ms]
2026-08-17 18:50:57.293 [info] > git ls-tree -l c9119761ef2cd5a174da85dbba0162ed3cc9ec71 -- code/run [80ms]
2026-08-17 18:50:57.293 [info] > git ls-tree -l c9119761ef2cd5a174da85dbba0162ed3cc9ec71 -- README.md [83ms]
2026-08-17 18:50:57.293 [info] > git ls-tree -l 0bab519e958537b4877cb46858d25270707ca667 -- README.md [86ms]
2026-08-17 18:50:57.294 [info] > git ls-tree -l c9119761ef2cd5a174da85dbba0162ed3cc9ec71 -- .gitignore [91ms]
2026-08-17 18:50:57.294 [info] > git ls-tree -l 0bab519e958537b4877cb46858d25270707ca667 -- .gitignore [95ms]
2026-08-17 18:50:57.296 [info] > git ls-tree -l c9119761ef2cd5a174da85dbba0162ed3cc9ec71 -- environment/Dockerfile [5ms]
2026-08-17 18:50:57.806 [info] > git check-ignore -v -z --stdin [2ms]
2026-08-17 18:51:02.697 [info] > git diff-tree -r --name-status -z --diff-filter=ADMR --find-renames=50% 70f65b1e9bcaf59efd8b63ca8bf8dbbf40ad84da 0bab519e958537b4877cb46858d25270707ca667 [2ms]
2026-08-17 18:51:02.770 [info] > git show --textconv 70f65b1e9bcaf59efd8b63ca8bf8dbbf40ad84da:README.md [40ms]
2026-08-17 18:51:02.770 [info] > git show --textconv 70f65b1e9bcaf59efd8b63ca8bf8dbbf40ad84da:capsule_patch/run_capsule.py [36ms]
2026-08-17 18:51:02.770 [info] > git show --textconv 70f65b1e9bcaf59efd8b63ca8bf8dbbf40ad84da:src/aind_hcr_pairwise_unmixing_calibrated/annotate.py [32ms]
2026-08-17 18:51:02.770 [info] > git show --textconv 0bab519e958537b4877cb46858d25270707ca667:src/aind_hcr_pairwise_unmixing_calibrated/annotate.py [29ms]
2026-08-17 18:51:02.770 [info] > git show --textconv 70f65b1e9bcaf59efd8b63ca8bf8dbbf40ad84da:tests/test_core.py [26ms]
2026-08-17 18:51:02.770 [info] > git show --textconv 0bab519e958537b4877cb46858d25270707ca667:tests/test_core.py [22ms]
2026-08-17 18:51:02.770 [info] > git ls-tree -l 70f65b1e9bcaf59efd8b63ca8bf8dbbf40ad84da -- tests/test_core.py [5ms]
2026-08-17 18:51:02.771 [info] > git ls-tree -l 0bab519e958537b4877cb46858d25270707ca667 -- src/aind_hcr_pairwise_unmixing_calibrated/annotate.py [9ms]
2026-08-17 18:51:02.771 [info] > git ls-tree -l 70f65b1e9bcaf59efd8b63ca8bf8dbbf40ad84da -- src/aind_hcr_pairwise_unmixing_calibrated/annotate.py [13ms]
2026-08-17 18:51:02.771 [info] > git ls-tree -l 70f65b1e9bcaf59efd8b63ca8bf8dbbf40ad84da -- capsule_patch/run_capsule.py [16ms]
2026-08-17 18:51:02.771 [info] > git ls-tree -l 70f65b1e9bcaf59efd8b63ca8bf8dbbf40ad84da -- README.md [20ms]
2026-08-17 18:51:02.773 [info] > git ls-tree -l 0bab519e958537b4877cb46858d25270707ca667 -- tests/test_core.py [5ms]
2026-08-17 18:51:03.280 [info] > git check-ignore -v -z --stdin [1ms]
2026-08-17 18:51:13.108 [info] > git ls-tree -l 70f65b1e9bcaf59efd8b63ca8bf8dbbf40ad84da -- README.md [4ms]
2026-08-17 18:51:13.108 [info] > git ls-tree -l 0bab519e958537b4877cb46858d25270707ca667 -- capsule_patch/run_capsule.py [8ms]
2026-08-17 18:51:13.108 [info] > git ls-tree -l 70f65b1e9bcaf59efd8b63ca8bf8dbbf40ad84da -- capsule_patch/run_capsule.py [11ms]
2026-08-17 18:51:13.109 [info] > git ls-tree -l 0bab519e958537b4877cb46858d25270707ca667 -- README.md [2ms]
2026-08-17 18:51:23.181 [info] > git diff-tree -r --name-status -z --diff-filter=ADMR --find-renames=50% 0bab519e958537b4877cb46858d25270707ca667 c9119761ef2cd5a174da85dbba0162ed3cc9ec71 [2ms]
2026-08-17 18:51:23.267 [info] > git show --textconv 0bab519e958537b4877cb46858d25270707ca667:.gitignore [42ms]
2026-08-17 18:51:23.267 [info] > git show --textconv c9119761ef2cd5a174da85dbba0162ed3cc9ec71:.gitignore [38ms]
2026-08-17 18:51:23.267 [info] > git show --textconv c9119761ef2cd5a174da85dbba0162ed3cc9ec71:README.md [34ms]
2026-08-17 18:51:23.267 [info] > git show --textconv c9119761ef2cd5a174da85dbba0162ed3cc9ec71:code/run [31ms]
2026-08-17 18:51:23.268 [info] > git show --textconv c9119761ef2cd5a174da85dbba0162ed3cc9ec71:code/run_capsule.py [28ms]
2026-08-17 18:51:23.268 [info] > git show --textconv c9119761ef2cd5a174da85dbba0162ed3cc9ec71:environment/Dockerfile [25ms]
2026-08-17 18:51:23.268 [info] > git ls-tree -l c9119761ef2cd5a174da85dbba0162ed3cc9ec71 -- code/run_capsule.py [7ms]
2026-08-17 18:51:23.268 [info] > git ls-tree -l c9119761ef2cd5a174da85dbba0162ed3cc9ec71 -- code/run [11ms]
2026-08-17 18:51:23.268 [info] > git ls-tree -l c9119761ef2cd5a174da85dbba0162ed3cc9ec71 -- README.md [14ms]
2026-08-17 18:51:23.268 [info] > git ls-tree -l c9119761ef2cd5a174da85dbba0162ed3cc9ec71 -- .gitignore [18ms]
2026-08-17 18:51:23.269 [info] > git ls-tree -l 0bab519e958537b4877cb46858d25270707ca667 -- .gitignore [22ms]
2026-08-17 18:51:23.270 [info] > git ls-tree -l c9119761ef2cd5a174da85dbba0162ed3cc9ec71 -- environment/Dockerfile [5ms]
2026-08-17 18:51:33.316 [info] > git config --get commit.template [5ms]
2026-08-17 18:51:33.317 [info] > git for-each-ref --format=%(refname)%00%(upstream:short)%00%(objectname)%00%(upstream:track)%00%(upstream:remotename)%00%(upstream:remoteref) refs/heads/main refs/remotes/main [2ms]
2026-08-17 18:51:33.327 [info] > git for-each-ref --sort -committerdate --format %(refname)%00%(objectname)%00%(*objectname) [2ms]
2026-08-17 18:51:33.356 [info] > git status -z -uall [35ms]
2026-08-17 18:51:43.404 [info] > git ls-tree -l 0bab519e958537b4877cb46858d25270707ca667 -- README.md [5ms]
2026-08-17 18:51:43.404 [info] > git ls-tree -l c9119761ef2cd5a174da85dbba0162ed3cc9ec71 -- .gitignore [9ms]
2026-08-17 18:51:43.404 [info] > git ls-tree -l 0bab519e958537b4877cb46858d25270707ca667 -- .gitignore [13ms]
2026-08-17 18:51:43.405 [info] > git ls-tree -l c9119761ef2cd5a174da85dbba0162ed3cc9ec71 -- README.md [2ms]
2026-08-17 18:52:01.197 [info] > git diff-tree -r --name-status -z --diff-filter=ADMR --find-renames=50% 0bab519e958537b4877cb46858d25270707ca667 c9119761ef2cd5a174da85dbba0162ed3cc9ec71 [2ms]
2026-08-17 18:52:08.069 [info] > git for-each-ref --sort -committerdate --format %(refname)%00%(objectname)%00%(*objectname) --contains c9119761ef2cd5a174da85dbba0162ed3cc9ec71 [2ms]
2026-08-17 18:52:35.059 [info] > git ls-tree -l c9119761ef2cd5a174da85dbba0162ed3cc9ec71 -- README.md [2ms]
2026-08-17 18:52:35.060 [info] > git ls-tree -l 0bab519e958537b4877cb46858d25270707ca667 -- README.md [6ms]
2026-08-17 18:52:35.060 [info] > git ls-tree -l c9119761ef2cd5a174da85dbba0162ed3cc9ec71 -- .gitignore [10ms]
2026-08-17 18:52:35.060 [info] > git ls-tree -l 0bab519e958537b4877cb46858d25270707ca667 -- .gitignore [14ms]
2026-08-17 18:55:01.141 [info] > git ls-tree -l 0bab519e958537b4877cb46858d25270707ca667 -- README.md [5ms]
2026-08-17 18:55:01.141 [info] > git ls-tree -l c9119761ef2cd5a174da85dbba0162ed3cc9ec71 -- .gitignore [8ms]
2026-08-17 18:55:01.141 [info] > git ls-tree -l 0bab519e958537b4877cb46858d25270707ca667 -- .gitignore [12ms]
2026-08-17 18:55:01.142 [info] > git ls-tree -l c9119761ef2cd5a174da85dbba0162ed3cc9ec71 -- README.md [1ms]
2026-08-17 18:55:10.308 [info] > git ls-tree -l 0bab519e958537b4877cb46858d25270707ca667 -- README.md [5ms]
2026-08-17 18:55:10.308 [info] > git ls-tree -l c9119761ef2cd5a174da85dbba0162ed3cc9ec71 -- .gitignore [9ms]
2026-08-17 18:55:10.308 [info] > git ls-tree -l 0bab519e958537b4877cb46858d25270707ca667 -- .gitignore [13ms]
2026-08-17 18:55:10.309 [info] > git ls-tree -l c9119761ef2cd5a174da85dbba0162ed3cc9ec71 -- README.md [2ms]
2026-08-17 18:55:13.752 [info] > git ls-tree -l 0bab519e958537b4877cb46858d25270707ca667 -- README.md [4ms]
2026-08-17 18:55:13.753 [info] > git ls-tree -l c9119761ef2cd5a174da85dbba0162ed3cc9ec71 -- .gitignore [9ms]
2026-08-17 18:55:13.753 [info] > git ls-tree -l 0bab519e958537b4877cb46858d25270707ca667 -- .gitignore [13ms]
2026-08-17 18:55:13.753 [info] > git ls-tree -l c9119761ef2cd5a174da85dbba0162ed3cc9ec71 -- README.md [1ms]
2026-08-17 18:55:15.211 [info] > git config --get commit.template [1ms]
2026-08-17 18:55:15.216 [info] > git for-each-ref --format=%(refname)%00%(upstream:short)%00%(objectname)%00%(upstream:track)%00%(upstream:remotename)%00%(upstream:remoteref) refs/heads/main refs/remotes/main [1ms]
2026-08-17 18:55:15.225 [info] > git for-each-ref --sort -committerdate --format %(refname)%00%(objectname)%00%(*objectname) [1ms]
2026-08-17 18:55:15.255 [info] > git status -z -uall [35ms]
2026-08-17 18:55:15.262 [info] > git merge-base refs/heads/main refs/remotes/origin/main [1ms]
2026-08-17 18:55:15.267 [info] > git diff --name-status -z --diff-filter=ADMR 70f65b1e9bcaf59efd8b63ca8bf8dbbf40ad84da...refs/remotes/origin/main [1ms]
2026-08-17 18:55:15.353 [info] > git log --format=%H%n%aN%n%aE%n%at%n%ct%n%P%n%D%n%B -z --shortstat --diff-merges=first-parent -n50 --skip=0 --topo-order --decorate=full --stdin [67ms]
2026-08-17 18:55:16.399 [info] > git config --get commit.template [4ms]
2026-08-17 18:55:16.400 [info] > git for-each-ref --format=%(refname)%00%(upstream:short)%00%(objectname)%00%(upstream:track)%00%(upstream:remotename)%00%(upstream:remoteref) refs/heads/main refs/remotes/main [2ms]
2026-08-17 18:55:16.409 [info] > git for-each-ref --sort -committerdate --format %(refname)%00%(objectname)%00%(*objectname) [1ms]
2026-08-17 18:55:16.438 [info] > git status -z -uall [34ms]
2026-08-17 18:55:16.539 [info] > git ls-tree -l c9119761ef2cd5a174da85dbba0162ed3cc9ec71 -- code/run_capsule.py [5ms]
2026-08-17 18:55:16.539 [info] > git ls-tree -l c9119761ef2cd5a174da85dbba0162ed3cc9ec71 -- code/run [9ms]
2026-08-17 18:55:16.539 [info] > git ls-tree -l c9119761ef2cd5a174da85dbba0162ed3cc9ec71 -- README.md [12ms]
2026-08-17 18:55:16.539 [info] > git ls-tree -l c9119761ef2cd5a174da85dbba0162ed3cc9ec71 -- .gitignore [17ms]
2026-08-17 18:55:16.540 [info] > git ls-tree -l 0bab519e958537b4877cb46858d25270707ca667 -- .gitignore [21ms]
2026-08-17 18:55:16.540 [info] > git ls-tree -l 0bab519e958537b4877cb46858d25270707ca667 -- capsule_patch/run_capsule.py [25ms]
2026-08-17 18:55:16.540 [info] > git ls-tree -l 0bab519e958537b4877cb46858d25270707ca667 -- README.md [29ms]
2026-08-17 18:55:16.541 [info] > git ls-tree -l c9119761ef2cd5a174da85dbba0162ed3cc9ec71 -- environment/Dockerfile [3ms]
2026-08-17 18:55:16.590 [info] > git show --textconv c9119761ef2cd5a174da85dbba0162ed3cc9ec71:code/run_capsule.py [35ms]
2026-08-17 18:55:16.590 [info] > git show --textconv c9119761ef2cd5a174da85dbba0162ed3cc9ec71:code/run [31ms]
2026-08-17 18:55:16.590 [info] > git show --textconv c9119761ef2cd5a174da85dbba0162ed3cc9ec71:README.md [27ms]
2026-08-17 18:55:16.590 [info] > git show --textconv c9119761ef2cd5a174da85dbba0162ed3cc9ec71:.gitignore [23ms]
2026-08-17 18:55:16.590 [info] > git show --textconv 0bab519e958537b4877cb46858d25270707ca667:.gitignore [8ms]
2026-08-17 18:55:16.590 [info] > git show --textconv 0bab519e958537b4877cb46858d25270707ca667:capsule_patch/run_capsule.py [5ms]
2026-08-17 18:55:16.591 [info] > git show --textconv 0bab519e958537b4877cb46858d25270707ca667:README.md [2ms]
2026-08-17 18:55:16.596 [info] > git show --textconv c9119761ef2cd5a174da85dbba0162ed3cc9ec71:environment/Dockerfile [1ms]
2026-08-17 18:55:20.354 [info] > git ls-tree -l 0bab519e958537b4877cb46858d25270707ca667 -- README.md [4ms]
2026-08-17 18:55:20.355 [info] > git ls-tree -l c9119761ef2cd5a174da85dbba0162ed3cc9ec71 -- .gitignore [9ms]
2026-08-17 18:55:20.355 [info] > git ls-tree -l 0bab519e958537b4877cb46858d25270707ca667 -- .gitignore [13ms]
2026-08-17 18:55:20.356 [info] > git ls-tree -l c9119761ef2cd5a174da85dbba0162ed3cc9ec71 -- README.md [2ms]
2026-08-17 18:55:21.449 [info] > git config --get commit.template [4ms]
2026-08-17 18:55:21.450 [info] > git for-each-ref --format=%(refname)%00%(upstream:short)%00%(objectname)%00%(upstream:track)%00%(upstream:remotename)%00%(upstream:remoteref) refs/heads/main refs/remotes/main [2ms]
2026-08-17 18:55:21.460 [info] > git for-each-ref --sort -committerdate --format %(refname)%00%(objectname)%00%(*objectname) [1ms]
2026-08-17 18:55:21.511 [info] > git status -z -uall [57ms]
2026-08-17 18:55:21.521 [info] > git config --get commit.template [4ms]
2026-08-17 18:55:21.522 [info] > git for-each-ref --format=%(refname)%00%(upstream:short)%00%(objectname)%00%(upstream:track)%00%(upstream:remotename)%00%(upstream:remoteref) refs/heads/main refs/remotes/main [1ms]
2026-08-17 18:55:21.531 [info] > git for-each-ref --sort -committerdate --format %(refname)%00%(objectname)%00%(*objectname) [1ms]
2026-08-17 18:55:21.583 [info] > git status -z -uall [57ms]
2026-08-17 18:55:25.595 [info] > git ls-tree -l 0bab519e958537b4877cb46858d25270707ca667 -- README.md [4ms]
2026-08-17 18:55:25.595 [info] > git ls-tree -l c9119761ef2cd5a174da85dbba0162ed3cc9ec71 -- .gitignore [8ms]
2026-08-17 18:55:25.596 [info] > git ls-tree -l 0bab519e958537b4877cb46858d25270707ca667 -- .gitignore [12ms]
2026-08-17 18:55:25.596 [info] > git ls-tree -l c9119761ef2cd5a174da85dbba0162ed3cc9ec71 -- README.md [2ms]
2026-08-17 18:55:26.654 [info] > git config --get commit.template [6ms]
2026-08-17 18:55:26.655 [info] > git for-each-ref --format=%(refname)%00%(upstream:short)%00%(objectname)%00%(upstream:track)%00%(upstream:remotename)%00%(upstream:remoteref) refs/heads/main refs/remotes/main [2ms]
2026-08-17 18:55:26.663 [info] > git status -z -uall [5ms]
2026-08-17 18:55:26.664 [info] > git for-each-ref --sort -committerdate --format %(refname)%00%(objectname)%00%(*objectname) [2ms]
2026-08-17 18:55:26.674 [info] > git merge-base refs/heads/main refs/remotes/origin/main [1ms]
2026-08-17 18:55:26.680 [info] > git diff --name-status -z --diff-filter=ADMR 1a0c75e7646d4882836003683945c7e31fd2f7bb...refs/remotes/origin/main [2ms]
2026-08-17 18:55:26.881 [info] > git log --format=%H%n%aN%n%aE%n%at%n%ct%n%P%n%D%n%B -z --shortstat --diff-merges=first-parent -n50 --skip=0 --topo-order --decorate=full --stdin [67ms]
2026-08-17 18:55:27.469 [info] > git check-ignore -v -z --stdin [1ms]
2026-08-17 18:55:40.827 [info] > git ls-tree -l 0bab519e958537b4877cb46858d25270707ca667 -- README.md [4ms]
2026-08-17 18:55:40.827 [info] > git ls-tree -l c9119761ef2cd5a174da85dbba0162ed3cc9ec71 -- .gitignore [8ms]
2026-08-17 18:55:40.828 [info] > git ls-tree -l 0bab519e958537b4877cb46858d25270707ca667 -- .gitignore [17ms]
2026-08-17 18:55:40.828 [info] > git ls-tree -l c9119761ef2cd5a174da85dbba0162ed3cc9ec71 -- README.md [2ms]
2026-08-17 18:55:55.999 [info] > git ls-tree -l 0bab519e958537b4877cb46858d25270707ca667 -- README.md [4ms]
2026-08-17 18:55:55.999 [info] > git ls-tree -l c9119761ef2cd5a174da85dbba0162ed3cc9ec71 -- .gitignore [8ms]
2026-08-17 18:55:56.000 [info] > git ls-tree -l 0bab519e958537b4877cb46858d25270707ca667 -- .gitignore [12ms]
2026-08-17 18:55:56.000 [info] > git ls-tree -l c9119761ef2cd5a174da85dbba0162ed3cc9ec71 -- README.md [2ms]
2026-08-17 18:56:08.567 [info] > git check-ignore -v -z --stdin [1ms]
2026-08-17 18:56:18.080 [info] > git ls-tree -l 0bab519e958537b4877cb46858d25270707ca667 -- README.md [5ms]
2026-08-17 18:56:18.080 [info] > git ls-tree -l c9119761ef2cd5a174da85dbba0162ed3cc9ec71 -- .gitignore [9ms]
2026-08-17 18:56:18.080 [info] > git ls-tree -l 0bab519e958537b4877cb46858d25270707ca667 -- .gitignore [13ms]
2026-08-17 18:56:18.081 [info] > git ls-tree -l c9119761ef2cd5a174da85dbba0162ed3cc9ec71 -- README.md [2ms]
2026-08-17 18:56:28.447 [info] > git ls-tree -l 0bab519e958537b4877cb46858d25270707ca667 -- README.md [4ms]
2026-08-17 18:56:28.447 [info] > git ls-tree -l c9119761ef2cd5a174da85dbba0162ed3cc9ec71 -- .gitignore [8ms]
2026-08-17 18:56:28.447 [info] > git ls-tree -l 0bab519e958537b4877cb46858d25270707ca667 -- .gitignore [12ms]
2026-08-17 18:56:28.448 [info] > git ls-tree -l c9119761ef2cd5a174da85dbba0162ed3cc9ec71 -- README.md [2ms]
2026-08-17 18:56:34.270 [info] > git log --format=%H%n%aN%n%aE%n%at%n%ct%n%P%n%D%n%B -z --shortstat --diff-merges=first-parent -n50 --skip=0 --topo-order --decorate=full --stdin [64ms]
