2026-08-16 20:39:54.551 [warning] Dir "/root/capsule/.pixi/envs" is not watchable (directory does not exist)
2026-08-16 20:39:57.234 [info] Starting Environment refresh
2026-08-16 20:39:57.264 [info] Skipping ActivatedEnv Detection:  process.env.VSCODE_CLI !== '1'
2026-08-16 20:39:57.271 [info] > hatch env show --json
2026-08-16 20:39:57.271 [info] cwd: .
2026-08-16 20:39:57.272 [warning] Failed to check if /root/capsule/.venv/bin/python is an executable [Error: ENOENT: no such file or directory, lstat '/root/capsule/.venv/bin/python'] {
  errno: -2,
  code: 'ENOENT',
  syscall: 'lstat',
  path: '/root/capsule/.venv/bin/python'
}
2026-08-16 20:39:57.330 [warning] Identifier for virt-virtualenv failed to identify /root/capsule/.venv/bin/python [Error: ENOENT: no such file or directory, scandir '/root/capsule/.venv/bin'] {
  errno: -2,
  code: 'ENOENT',
  syscall: 'scandir',
  path: '/root/capsule/.venv/bin'
}
2026-08-16 20:39:57.339 [info] > ./.venv/bin/python -I /.vscode/extensions/ms-python.python-2025.14.0-universal/python_files/get_output_via_markers.py /.vscode/extensions/ms-python.python-2025.14.0-universal/python_files/interpreterInfo.py
2026-08-16 20:39:57.345 [error] [Error: Command failed: /root/capsule/.venv/bin/python -I /.vscode/extensions/ms-python.python-2025.14.0-universal/python_files/get_output_via_markers.py /.vscode/extensions/ms-python.python-2025.14.0-universal/python_files/interpreterInfo.py
/bin/sh: 1: /root/capsule/.venv/bin/python: not found

	at genericNodeError (node:internal/errors:984:15)
	at wrappedFn (node:internal/errors:538:14)
	at ChildProcess.exithandler (node:child_process:422:12)
	at ChildProcess.emit (node:events:536:35)
	at maybeClose (node:internal/child_process:1104:16)
	at Socket.<anonymous> (node:internal/child_process:456:11)
	at Socket.emit (node:events:524:28)
	at Pipe.<anonymous> (node:net:343:12)] {
  code: 127,
  killed: false,
  signal: null,
  cmd: '/root/capsule/.venv/bin/python -I /.vscode/extensions/ms-python.python-2025.14.0-universal/python_files/get_output_via_markers.py /.vscode/extensions/ms-python.python-2025.14.0-universal/python_files/interpreterInfo.py'
}
2026-08-16 20:39:57.346 [info] Environments refresh finished (event): 113 milliseconds
2026-08-16 20:39:57.346 [info] Environments refresh paths discovered: 113 milliseconds
2026-08-16 20:39:57.348 [info] Environment refresh took 116 milliseconds
2026-08-16 20:39:57.353 [info] > pyenv which python
2026-08-16 20:39:57.353 [info] cwd: .
2026-08-16 20:39:57.530 [warning] Failed to check if /root/capsule/.venv/bin/python is an executable [Error: ENOENT: no such file or directory, lstat '/root/capsule/.venv/bin/python'] {
  errno: -2,
  code: 'ENOENT',
  syscall: 'lstat',
  path: '/root/capsule/.venv/bin/python'
}
2026-08-16 20:39:57.530 [warning] Failed to check if /root/capsule/.venv/bin/python is an executable [Error: ENOENT: no such file or directory, lstat '/root/capsule/.venv/bin/python'] {
  errno: -2,
  code: 'ENOENT',
  syscall: 'lstat',
  path: '/root/capsule/.venv/bin/python'
}
2026-08-16 20:39:57.533 [warning] Identifier for virt-virtualenv failed to identify /root/capsule/.venv/bin/python [Error: ENOENT: no such file or directory, scandir '/root/capsule/.venv/bin'] {
  errno: -2,
  code: 'ENOENT',
  syscall: 'scandir',
  path: '/root/capsule/.venv/bin'
}
2026-08-16 20:39:57.533 [warning] Identifier for virt-virtualenv failed to identify /root/capsule/.venv/bin/python [Error: ENOENT: no such file or directory, scandir '/root/capsule/.venv/bin'] {
  errno: -2,
  code: 'ENOENT',
  syscall: 'scandir',
  path: '/root/capsule/.venv/bin'
}
2026-08-16 20:39:58.930 [warning] Failed to check if /root/capsule/.venv/bin/python is an executable [Error: ENOENT: no such file or directory, lstat '/root/capsule/.venv/bin/python'] {
  errno: -2,
  code: 'ENOENT',
  syscall: 'lstat',
  path: '/root/capsule/.venv/bin/python'
}
2026-08-16 20:39:58.932 [warning] Identifier for virt-virtualenv failed to identify /root/capsule/.venv/bin/python [Error: ENOENT: no such file or directory, scandir '/root/capsule/.venv/bin'] {
  errno: -2,
  code: 'ENOENT',
  syscall: 'scandir',
  path: '/root/capsule/.venv/bin'
}
2026-08-16 20:39:59.438 [info] > ./.venv/bin/python -I /.vscode/extensions/ms-python.python-2025.14.0-universal/python_files/get_output_via_markers.py /.vscode/extensions/ms-python.python-2025.14.0-universal/python_files/interpreterInfo.py
2026-08-16 20:39:59.440 [error] [Error: Command failed: /root/capsule/.venv/bin/python -I /.vscode/extensions/ms-python.python-2025.14.0-universal/python_files/get_output_via_markers.py /.vscode/extensions/ms-python.python-2025.14.0-universal/python_files/interpreterInfo.py
/bin/sh: 1: /root/capsule/.venv/bin/python: not found

	at genericNodeError (node:internal/errors:984:15)
	at wrappedFn (node:internal/errors:538:14)
	at ChildProcess.exithandler (node:child_process:422:12)
	at ChildProcess.emit (node:events:536:35)
	at maybeClose (node:internal/child_process:1104:16)
	at Socket.<anonymous> (node:internal/child_process:456:11)
	at Socket.emit (node:events:524:28)
	at Pipe.<anonymous> (node:net:343:12)] {
  code: 127,
  killed: false,
  signal: null,
  cmd: '/root/capsule/.venv/bin/python -I /.vscode/extensions/ms-python.python-2025.14.0-universal/python_files/get_output_via_markers.py /.vscode/extensions/ms-python.python-2025.14.0-universal/python_files/interpreterInfo.py'
}
2026-08-16 20:39:59.441 [error] Unable to start Jedi language server as a valid interpreter is not selected
2026-08-16 20:39:59.442 [warning] Failed to check if /root/capsule/.venv/bin/python is an executable [Error: ENOENT: no such file or directory, lstat '/root/capsule/.venv/bin/python'] {
  errno: -2,
  code: 'ENOENT',
  syscall: 'lstat',
  path: '/root/capsule/.venv/bin/python'
}
2026-08-16 20:39:59.443 [warning] Failed to check if /root/capsule/.venv/bin/python is an executable [Error: ENOENT: no such file or directory, lstat '/root/capsule/.venv/bin/python'] {
  errno: -2,
  code: 'ENOENT',
  syscall: 'lstat',
  path: '/root/capsule/.venv/bin/python'
}
2026-08-16 20:39:59.444 [warning] Identifier for virt-virtualenv failed to identify /root/capsule/.venv/bin/python [Error: ENOENT: no such file or directory, scandir '/root/capsule/.venv/bin'] {
  errno: -2,
  code: 'ENOENT',
  syscall: 'scandir',
  path: '/root/capsule/.venv/bin'
}
2026-08-16 20:39:59.445 [warning] Identifier for virt-virtualenv failed to identify /root/capsule/.venv/bin/python [Error: ENOENT: no such file or directory, scandir '/root/capsule/.venv/bin'] {
  errno: -2,
  code: 'ENOENT',
  syscall: 'scandir',
  path: '/root/capsule/.venv/bin'
}
2026-08-16 20:39:59.447 [warning] Failed to check if /root/capsule/.venv/bin/python is an executable [Error: ENOENT: no such file or directory, lstat '/root/capsule/.venv/bin/python'] {
  errno: -2,
  code: 'ENOENT',
  syscall: 'lstat',
  path: '/root/capsule/.venv/bin/python'
}
2026-08-16 20:39:59.447 [warning] Identifier for virt-virtualenv failed to identify /root/capsule/.venv/bin/python [Error: ENOENT: no such file or directory, scandir '/root/capsule/.venv/bin'] {
  errno: -2,
  code: 'ENOENT',
  syscall: 'scandir',
  path: '/root/capsule/.venv/bin'
}
2026-08-16 20:39:59.622 [warning] Failed to check if /root/capsule/.venv/bin/python is an executable [Error: ENOENT: no such file or directory, lstat '/root/capsule/.venv/bin/python'] {
  errno: -2,
  code: 'ENOENT',
  syscall: 'lstat',
  path: '/root/capsule/.venv/bin/python'
}
2026-08-16 20:39:59.622 [warning] Failed to check if /root/capsule/.venv/bin/python is an executable [Error: ENOENT: no such file or directory, lstat '/root/capsule/.venv/bin/python'] {
  errno: -2,
  code: 'ENOENT',
  syscall: 'lstat',
  path: '/root/capsule/.venv/bin/python'
}
2026-08-16 20:39:59.624 [warning] Identifier for virt-virtualenv failed to identify /root/capsule/.venv/bin/python [Error: ENOENT: no such file or directory, scandir '/root/capsule/.venv/bin'] {
  errno: -2,
  code: 'ENOENT',
  syscall: 'scandir',
  path: '/root/capsule/.venv/bin'
}
2026-08-16 20:39:59.624 [warning] Identifier for virt-virtualenv failed to identify /root/capsule/.venv/bin/python [Error: ENOENT: no such file or directory, scandir '/root/capsule/.venv/bin'] {
  errno: -2,
  code: 'ENOENT',
  syscall: 'scandir',
  path: '/root/capsule/.venv/bin'
}
