2026-08-17 18:50:42.686 [warning] Dir "/root/capsule/.pixi/envs" is not watchable (directory does not exist)
2026-08-17 18:50:44.983 [info] Starting Environment refresh
2026-08-17 18:50:45.013 [info] Skipping ActivatedEnv Detection:  process.env.VSCODE_CLI !== '1'
2026-08-17 18:50:45.020 [info] > hatch env show --json
2026-08-17 18:50:45.020 [info] cwd: .
2026-08-17 18:50:45.021 [warning] Failed to check if /root/capsule/.venv/bin/python is an executable [Error: ENOENT: no such file or directory, lstat '/root/capsule/.venv/bin/python'] {
  errno: -2,
  code: 'ENOENT',
  syscall: 'lstat',
  path: '/root/capsule/.venv/bin/python'
}
2026-08-17 18:50:45.034 [warning] Identifier for virt-virtualenv failed to identify /root/capsule/.venv/bin/python [Error: ENOENT: no such file or directory, scandir '/root/capsule/.venv/bin'] {
  errno: -2,
  code: 'ENOENT',
  syscall: 'scandir',
  path: '/root/capsule/.venv/bin'
}
2026-08-17 18:50:45.048 [info] > ./.venv/bin/python -I /.vscode/extensions/ms-python.python-2025.14.0-universal/python_files/get_output_via_markers.py /.vscode/extensions/ms-python.python-2025.14.0-universal/python_files/interpreterInfo.py
2026-08-17 18:50:45.051 [error] [Error: Command failed: /root/capsule/.venv/bin/python -I /.vscode/extensions/ms-python.python-2025.14.0-universal/python_files/get_output_via_markers.py /.vscode/extensions/ms-python.python-2025.14.0-universal/python_files/interpreterInfo.py
/bin/sh: 1: /root/capsule/.venv/bin/python: not found

	at genericNodeError (node:internal/errors:984:15)
	at wrappedFn (node:internal/errors:538:14)
	at ChildProcess.exithandler (node:child_process:422:12)
	at ChildProcess.emit (node:events:536:35)
	at maybeClose (node:internal/child_process:1104:16)
	at Socket.<anonymous> (node:internal/child_process:456:11)
	at Socket.emit (node:events:524:28)
	at Pipe.<anonymous> (node:net:343:12)] {
  code: 127,
  killed: false,
  signal: null,
  cmd: '/root/capsule/.venv/bin/python -I /.vscode/extensions/ms-python.python-2025.14.0-universal/python_files/get_output_via_markers.py /.vscode/extensions/ms-python.python-2025.14.0-universal/python_files/interpreterInfo.py'
}
2026-08-17 18:50:45.307 [info] Environments refresh finished (event): 325 milliseconds
2026-08-17 18:50:45.307 [info] Environments refresh paths discovered: 325 milliseconds
2026-08-17 18:50:45.309 [info] Environment refresh took 327 milliseconds
2026-08-17 18:50:45.384 [info] > pyenv which python
2026-08-17 18:50:45.384 [info] cwd: .
2026-08-17 18:50:45.482 [warning] Failed to check if /root/capsule/.venv/bin/python is an executable [Error: ENOENT: no such file or directory, lstat '/root/capsule/.venv/bin/python'] {
  errno: -2,
  code: 'ENOENT',
  syscall: 'lstat',
  path: '/root/capsule/.venv/bin/python'
}
2026-08-17 18:50:45.483 [warning] Failed to check if /root/capsule/.venv/bin/python is an executable [Error: ENOENT: no such file or directory, lstat '/root/capsule/.venv/bin/python'] {
  errno: -2,
  code: 'ENOENT',
  syscall: 'lstat',
  path: '/root/capsule/.venv/bin/python'
}
2026-08-17 18:50:45.485 [warning] Identifier for virt-virtualenv failed to identify /root/capsule/.venv/bin/python [Error: ENOENT: no such file or directory, scandir '/root/capsule/.venv/bin'] {
  errno: -2,
  code: 'ENOENT',
  syscall: 'scandir',
  path: '/root/capsule/.venv/bin'
}
2026-08-17 18:50:45.485 [warning] Identifier for virt-virtualenv failed to identify /root/capsule/.venv/bin/python [Error: ENOENT: no such file or directory, scandir '/root/capsule/.venv/bin'] {
  errno: -2,
  code: 'ENOENT',
  syscall: 'scandir',
  path: '/root/capsule/.venv/bin'
}
2026-08-17 18:50:47.074 [info] > ./.venv/bin/python -I /.vscode/extensions/ms-python.python-2025.14.0-universal/python_files/get_output_via_markers.py /.vscode/extensions/ms-python.python-2025.14.0-universal/python_files/interpreterInfo.py
2026-08-17 18:50:47.075 [error] [Error: Command failed: /root/capsule/.venv/bin/python -I /.vscode/extensions/ms-python.python-2025.14.0-universal/python_files/get_output_via_markers.py /.vscode/extensions/ms-python.python-2025.14.0-universal/python_files/interpreterInfo.py
/bin/sh: 1: /root/capsule/.venv/bin/python: not found

	at genericNodeError (node:internal/errors:984:15)
	at wrappedFn (node:internal/errors:538:14)
	at ChildProcess.exithandler (node:child_process:422:12)
	at ChildProcess.emit (node:events:536:35)
	at maybeClose (node:internal/child_process:1104:16)
	at Socket.<anonymous> (node:internal/child_process:456:11)
	at Socket.emit (node:events:524:28)
	at Pipe.<anonymous> (node:net:343:12)] {
  code: 127,
  killed: false,
  signal: null,
  cmd: '/root/capsule/.venv/bin/python -I /.vscode/extensions/ms-python.python-2025.14.0-universal/python_files/get_output_via_markers.py /.vscode/extensions/ms-python.python-2025.14.0-universal/python_files/interpreterInfo.py'
}
2026-08-17 18:50:47.077 [error] Unable to start Jedi language server as a valid interpreter is not selected
2026-08-17 18:50:47.078 [warning] Failed to check if /root/capsule/.venv/bin/python is an executable [Error: ENOENT: no such file or directory, lstat '/root/capsule/.venv/bin/python'] {
  errno: -2,
  code: 'ENOENT',
  syscall: 'lstat',
  path: '/root/capsule/.venv/bin/python'
}
2026-08-17 18:50:47.079 [warning] Identifier for virt-virtualenv failed to identify /root/capsule/.venv/bin/python [Error: ENOENT: no such file or directory, scandir '/root/capsule/.venv/bin'] {
  errno: -2,
  code: 'ENOENT',
  syscall: 'scandir',
  path: '/root/capsule/.venv/bin'
}
2026-08-17 18:50:47.175 [warning] Failed to check if /root/capsule/.venv/bin/python is an executable [Error: ENOENT: no such file or directory, lstat '/root/capsule/.venv/bin/python'] {
  errno: -2,
  code: 'ENOENT',
  syscall: 'lstat',
  path: '/root/capsule/.venv/bin/python'
}
2026-08-17 18:50:47.175 [warning] Failed to check if /root/capsule/.venv/bin/python is an executable [Error: ENOENT: no such file or directory, lstat '/root/capsule/.venv/bin/python'] {
  errno: -2,
  code: 'ENOENT',
  syscall: 'lstat',
  path: '/root/capsule/.venv/bin/python'
}
2026-08-17 18:50:47.176 [warning] Identifier for virt-virtualenv failed to identify /root/capsule/.venv/bin/python [Error: ENOENT: no such file or directory, scandir '/root/capsule/.venv/bin'] {
  errno: -2,
  code: 'ENOENT',
  syscall: 'scandir',
  path: '/root/capsule/.venv/bin'
}
2026-08-17 18:50:47.177 [warning] Identifier for virt-virtualenv failed to identify /root/capsule/.venv/bin/python [Error: ENOENT: no such file or directory, scandir '/root/capsule/.venv/bin'] {
  errno: -2,
  code: 'ENOENT',
  syscall: 'scandir',
  path: '/root/capsule/.venv/bin'
}
2026-08-17 18:50:53.667 [warning] Failed to check if /root/capsule/.venv/bin/python is an executable [Error: ENOENT: no such file or directory, lstat '/root/capsule/.venv/bin/python'] {
  errno: -2,
  code: 'ENOENT',
  syscall: 'lstat',
  path: '/root/capsule/.venv/bin/python'
}
2026-08-17 18:50:53.668 [warning] Identifier for virt-virtualenv failed to identify /root/capsule/.venv/bin/python [Error: ENOENT: no such file or directory, scandir '/root/capsule/.venv/bin'] {
  errno: -2,
  code: 'ENOENT',
  syscall: 'scandir',
  path: '/root/capsule/.venv/bin'
}
2026-08-17 18:50:53.669 [warning] Failed to check if /root/capsule/.venv/bin/python is an executable [Error: ENOENT: no such file or directory, lstat '/root/capsule/.venv/bin/python'] {
  errno: -2,
  code: 'ENOENT',
  syscall: 'lstat',
  path: '/root/capsule/.venv/bin/python'
}
2026-08-17 18:50:53.670 [warning] Identifier for virt-virtualenv failed to identify /root/capsule/.venv/bin/python [Error: ENOENT: no such file or directory, scandir '/root/capsule/.venv/bin'] {
  errno: -2,
  code: 'ENOENT',
  syscall: 'scandir',
  path: '/root/capsule/.venv/bin'
}
2026-08-17 18:50:55.799 [info] > conda info --json
2026-08-17 18:55:05.245 [warning] Failed to check if /root/capsule/.venv/bin/python is an executable [Error: ENOENT: no such file or directory, lstat '/root/capsule/.venv/bin/python'] {
  errno: -2,
  code: 'ENOENT',
  syscall: 'lstat',
  path: '/root/capsule/.venv/bin/python'
}
2026-08-17 18:55:05.246 [warning] Identifier for virt-virtualenv failed to identify /root/capsule/.venv/bin/python [Error: ENOENT: no such file or directory, scandir '/root/capsule/.venv/bin'] {
  errno: -2,
  code: 'ENOENT',
  syscall: 'scandir',
  path: '/root/capsule/.venv/bin'
}
2026-08-17 18:55:05.248 [warning] Failed to check if /root/capsule/.venv/bin/python is an executable [Error: ENOENT: no such file or directory, lstat '/root/capsule/.venv/bin/python'] {
  errno: -2,
  code: 'ENOENT',
  syscall: 'lstat',
  path: '/root/capsule/.venv/bin/python'
}
2026-08-17 18:55:05.249 [warning] Identifier for virt-virtualenv failed to identify /root/capsule/.venv/bin/python [Error: ENOENT: no such file or directory, scandir '/root/capsule/.venv/bin'] {
  errno: -2,
  code: 'ENOENT',
  syscall: 'scandir',
  path: '/root/capsule/.venv/bin'
}
2026-08-17 18:55:05.250 [warning] Failed to check if /root/capsule/.venv/bin/python is an executable [Error: ENOENT: no such file or directory, lstat '/root/capsule/.venv/bin/python'] {
  errno: -2,
  code: 'ENOENT',
  syscall: 'lstat',
  path: '/root/capsule/.venv/bin/python'
}
2026-08-17 18:55:05.251 [warning] Identifier for virt-virtualenv failed to identify /root/capsule/.venv/bin/python [Error: ENOENT: no such file or directory, scandir '/root/capsule/.venv/bin'] {
  errno: -2,
  code: 'ENOENT',
  syscall: 'scandir',
  path: '/root/capsule/.venv/bin'
}
