2026-08-16 20:39:54.635 [info] [main] Log level: Info
2026-08-16 20:39:54.635 [info] [main] Validating found git in: "git"
2026-08-16 20:39:54.635 [info] [main] Using git "2.34.1" from "git"
2026-08-16 20:39:54.635 [info] [Model][doInitialScan] Initial repository scan started
2026-08-16 20:39:54.635 [info] > git rev-parse --show-toplevel [3ms]
2026-08-16 20:39:54.635 [info] > git rev-parse --git-dir --git-common-dir [1ms]
2026-08-16 20:39:54.635 [info] [Model][openRepository] Opened repository (path): /root/capsule
2026-08-16 20:39:54.635 [info] [Model][openRepository] Opened repository (real path): /root/capsule
2026-08-16 20:39:54.635 [info] > git config --get commit.template [4ms]
2026-08-16 20:39:54.635 [info] > git rev-parse --show-toplevel [4ms]
2026-08-16 20:39:54.635 [info] > git for-each-ref --format=%(refname)%00%(upstream:short)%00%(objectname)%00%(upstream:track)%00%(upstream:remotename)%00%(upstream:remoteref) refs/heads/main refs/remotes/main [60ms]
2026-08-16 20:39:54.635 [info] > git rev-parse --show-toplevel [4ms]
2026-08-16 20:39:54.642 [info] > git rev-parse --show-toplevel [7ms]
2026-08-16 20:39:54.642 [info] > git for-each-ref --sort -committerdate --format %(refname)%00%(objectname)%00%(*objectname) [1ms]
2026-08-16 20:39:54.646 [info] > git rev-parse --show-toplevel [1ms]
2026-08-16 20:39:54.659 [info] > git rev-parse --show-toplevel [10ms]
2026-08-16 20:39:56.553 [info] > git status -z -uall [1915ms]
2026-08-16 20:39:56.554 [info] > git check-ignore -v -z --stdin [14ms]
2026-08-16 20:39:56.631 [info] > git for-each-ref --format=%(refname)%00%(upstream:short)%00%(objectname)%00%(upstream:track)%00%(upstream:remotename)%00%(upstream:remoteref) refs/heads/main refs/remotes/main [7ms]
2026-08-16 20:39:56.635 [info] > git rev-parse --show-toplevel [92ms]
2026-08-16 20:39:56.639 [info] > git config --get commit.template [9ms]
2026-08-16 20:39:56.642 [info] > git config --get --local branch.main.vscode-merge-base [7ms]
2026-08-16 20:39:56.642 [warning] [Git][config] git config failed: Failed to execute git
2026-08-16 20:39:56.650 [info] > git rev-parse --show-toplevel [11ms]
2026-08-16 20:39:56.650 [info] > git reflog main --grep-reflog=branch: Created from *. [5ms]
2026-08-16 20:39:56.731 [info] > git for-each-ref --format=%(refname)%00%(upstream:short)%00%(objectname)%00%(upstream:track)%00%(upstream:remotename)%00%(upstream:remoteref) refs/heads/248e2fda1c67f6f5988ca54e2ddc05a4da6377ce refs/remotes/248e2fda1c67f6f5988ca54e2ddc05a4da6377ce [7ms]
2026-08-16 20:39:56.731 [warning] [Git][getBranch] No such branch: 248e2fda1c67f6f5988ca54e2ddc05a4da6377ce
2026-08-16 20:39:56.735 [info] > git for-each-ref --format=%(refname)%00%(upstream:short)%00%(objectname)%00%(upstream:track)%00%(upstream:remotename)%00%(upstream:remoteref) refs/heads/main refs/remotes/main [86ms]
2026-08-16 20:39:56.736 [info] > git rev-parse --show-toplevel [6ms]
2026-08-16 20:39:56.737 [info] > git symbolic-ref --short refs/remotes/origin/HEAD [2ms]
2026-08-16 20:39:56.752 [info] > git for-each-ref --format=%(refname)%00%(upstream:short)%00%(objectname)%00%(upstream:track)%00%(upstream:remotename)%00%(upstream:remoteref) refs/heads/origin/main refs/remotes/origin/main [12ms]
2026-08-16 20:39:56.756 [info] > git for-each-ref --sort -committerdate --format %(refname)%00%(objectname)%00%(*objectname) [5ms]
2026-08-16 20:39:56.824 [info] > git rev-parse --show-toplevel [81ms]
2026-08-16 20:39:56.827 [info] [Model][doInitialScan] Initial repository scan completed - repositories (1), closed repositories (0), parent repositories (0), unsafe repositories (0)
2026-08-16 20:39:56.828 [info] > git config --add --local branch.main.vscode-merge-base origin/main [73ms]
2026-08-16 20:39:56.838 [info] > git status -z -uall [91ms] (cancelled)
2026-08-16 20:39:56.839 [info] > git for-each-ref --format=%(refname)%00%(upstream:short)%00%(objectname)%00%(upstream:track)%00%(upstream:remotename)%00%(upstream:remoteref) refs/heads/main refs/remotes/main [6ms]
2026-08-16 20:39:56.843 [info] > git config --get commit.template [5ms]
2026-08-16 20:39:56.847 [info] > git config --get --local branch.main.vscode-merge-base [5ms]
2026-08-16 20:39:56.925 [info] > git for-each-ref --format=%(refname)%00%(upstream:short)%00%(objectname)%00%(upstream:track)%00%(upstream:remotename)%00%(upstream:remoteref) refs/heads/origin/main refs/remotes/origin/main [1ms]
2026-08-16 20:39:56.931 [info] > git for-each-ref --format=%(refname)%00%(upstream:short)%00%(objectname)%00%(upstream:track)%00%(upstream:remotename)%00%(upstream:remoteref) refs/heads/main refs/remotes/main [84ms]
2026-08-16 20:39:56.942 [info] > git merge-base refs/heads/main refs/remotes/origin/main [11ms]
2026-08-16 20:39:56.947 [info] > git for-each-ref --sort -committerdate --format %(refname)%00%(objectname)%00%(*objectname) [6ms]
2026-08-16 20:39:56.948 [info] > git diff --name-status -z --diff-filter=ADMR 70f65b1e9bcaf59efd8b63ca8bf8dbbf40ad84da...refs/remotes/origin/main [2ms]
2026-08-16 20:39:57.043 [info] > git status -z -uall [106ms]
2026-08-16 20:39:57.155 [info] > git check-ignore -v -z --stdin [4ms]
2026-08-16 20:40:28.244 [info] > git check-ignore -v -z --stdin [1ms]
