2026-08-17 18:42:23.242 [info] [main] Log level: Info
2026-08-17 18:42:23.242 [info] [main] Validating found git in: "git"
2026-08-17 18:42:23.242 [info] [main] Using git "2.34.1" from "git"
2026-08-17 18:42:23.242 [info] [Model][doInitialScan] Initial repository scan started
2026-08-17 18:42:23.242 [info] > git rev-parse --show-toplevel [3ms]
2026-08-17 18:42:23.242 [info] > git rev-parse --git-dir --git-common-dir [168ms]
2026-08-17 18:42:23.242 [info] [Model][openRepository] Opened repository (path): /root/capsule
2026-08-17 18:42:23.242 [info] [Model][openRepository] Opened repository (real path): /root/capsule
2026-08-17 18:42:23.242 [info] > git config --get commit.template [2ms]
2026-08-17 18:42:23.242 [info] > git rev-parse --show-toplevel [4ms]
2026-08-17 18:42:23.242 [info] > git for-each-ref --format=%(refname)%00%(upstream:short)%00%(objectname)%00%(upstream:track)%00%(upstream:remotename)%00%(upstream:remoteref) refs/heads/main refs/remotes/main [39ms]
2026-08-17 18:42:23.242 [info] > git rev-parse --show-toplevel [2ms]
2026-08-17 18:42:23.242 [info] > git rev-parse --show-toplevel [6ms]
2026-08-17 18:42:23.242 [info] > git for-each-ref --sort -committerdate --format %(refname)%00%(objectname)%00%(*objectname) [3ms]
2026-08-17 18:42:23.245 [info] > git rev-parse --show-toplevel [3ms]
2026-08-17 18:42:23.249 [info] > git rev-parse --show-toplevel [1ms]
2026-08-17 18:42:24.866 [info] > git status -z -uall [1632ms]
2026-08-17 18:42:24.866 [info] > git check-ignore -v -z --stdin [11ms]
2026-08-17 18:42:24.888 [info] > git rev-parse --show-toplevel [1637ms]
2026-08-17 18:42:24.935 [info] > git for-each-ref --format=%(refname)%00%(upstream:short)%00%(objectname)%00%(upstream:track)%00%(upstream:remotename)%00%(upstream:remoteref) refs/heads/main refs/remotes/main [49ms]
2026-08-17 18:42:24.942 [info] > git rev-parse --show-toplevel [16ms]
2026-08-17 18:42:24.942 [info] > git config --get commit.template [20ms]
2026-08-17 18:42:24.947 [info] > git config --get --local branch.main.vscode-merge-base [7ms]
2026-08-17 18:42:24.947 [warning] [Git][config] git config failed: Failed to execute git
2026-08-17 18:42:24.954 [info] > git rev-parse --show-toplevel [8ms]
2026-08-17 18:42:24.955 [info] > git reflog main --grep-reflog=branch: Created from *. [5ms]
2026-08-17 18:42:24.963 [info] > git for-each-ref --format=%(refname)%00%(upstream:short)%00%(objectname)%00%(upstream:track)%00%(upstream:remotename)%00%(upstream:remoteref) refs/heads/main refs/remotes/main [9ms]
2026-08-17 18:42:24.964 [info] > git rev-parse --show-toplevel [1ms]
2026-08-17 18:42:24.967 [info] [Model][doInitialScan] Initial repository scan completed - repositories (1), closed repositories (0), parent repositories (0), unsafe repositories (0)
2026-08-17 18:42:24.967 [info] > git for-each-ref --format=%(refname)%00%(upstream:short)%00%(objectname)%00%(upstream:track)%00%(upstream:remotename)%00%(upstream:remoteref) refs/heads/248e2fda1c67f6f5988ca54e2ddc05a4da6377ce refs/remotes/248e2fda1c67f6f5988ca54e2ddc05a4da6377ce [8ms]
2026-08-17 18:42:24.967 [warning] [Git][getBranch] No such branch: 248e2fda1c67f6f5988ca54e2ddc05a4da6377ce
2026-08-17 18:42:25.026 [info] > git symbolic-ref --short refs/remotes/origin/HEAD [3ms]
2026-08-17 18:42:25.037 [info] > git for-each-ref --format=%(refname)%00%(upstream:short)%00%(objectname)%00%(upstream:track)%00%(upstream:remotename)%00%(upstream:remoteref) refs/heads/origin/main refs/remotes/origin/main [8ms]
2026-08-17 18:42:25.041 [info] > git for-each-ref --sort -committerdate --format %(refname)%00%(objectname)%00%(*objectname) [5ms]
2026-08-17 18:42:25.042 [info] > git config --add --local branch.main.vscode-merge-base origin/main [1ms]
2026-08-17 18:42:25.051 [info] > git status -z -uall [18ms] (cancelled)
2026-08-17 18:42:25.052 [info] > git for-each-ref --format=%(refname)%00%(upstream:short)%00%(objectname)%00%(upstream:track)%00%(upstream:remotename)%00%(upstream:remoteref) refs/heads/main refs/remotes/main [6ms]
2026-08-17 18:42:25.056 [info] > git config --get commit.template [5ms]
2026-08-17 18:42:25.060 [info] > git config --get --local branch.main.vscode-merge-base [5ms]
2026-08-17 18:42:25.125 [info] > git for-each-ref --format=%(refname)%00%(upstream:short)%00%(objectname)%00%(upstream:track)%00%(upstream:remotename)%00%(upstream:remoteref) refs/heads/main refs/remotes/main [65ms]
2026-08-17 18:42:25.126 [info] > git for-each-ref --format=%(refname)%00%(upstream:short)%00%(objectname)%00%(upstream:track)%00%(upstream:remotename)%00%(upstream:remoteref) refs/heads/origin/main refs/remotes/origin/main [2ms]
2026-08-17 18:42:25.139 [info] > git merge-base refs/heads/main refs/remotes/origin/main [9ms]
2026-08-17 18:42:25.143 [info] > git for-each-ref --sort -committerdate --format %(refname)%00%(objectname)%00%(*objectname) [5ms]
2026-08-17 18:42:25.145 [info] > git diff --name-status -z --diff-filter=ADMR 70f65b1e9bcaf59efd8b63ca8bf8dbbf40ad84da...refs/remotes/origin/main [3ms]
2026-08-17 18:42:25.233 [info] > git status -z -uall [99ms]
2026-08-17 18:42:25.447 [info] > git check-ignore -v -z --stdin [2ms]
2026-08-17 18:47:11.134 [info] > git check-ignore -v -z --stdin [1ms]
2026-08-17 18:47:52.377 [info] > git check-ignore -v -z --stdin [1ms]
2026-08-17 18:48:00.453 [info] > git check-ignore -v -z --stdin [1ms]
2026-08-17 18:48:35.808 [info] > git check-ignore -v -z --stdin [1ms]
2026-08-17 18:48:45.141 [info] > git check-ignore -v -z --stdin [1ms]
